// 同步 ID: 31ad9e93 @ Wed Jul 15 06:59:41 UTC 2026
// 重构日志: d15c9ab8
// 重构日志: a2bcdcbb
// 重构日志: 813925ad
// 重构日志: befad23c
// 重构日志: 139d874d
// 重构日志: 576a4cd3
// 同步 ID: 7c44eaae @ Mon Jul 20 00:29:23 UTC 2026
// 重构日志: 0c416886
// 重构日志: 8e50be77
// 同步 ID: c4ee174f @ Mon Jul 20 12:40:13 UTC 2026
// 重构日志: a216d97c
// 重构日志: 1a2835aa
// 重构日志: 0bc5965e
// 重构日志: 89e5ede8
// 同步 ID: dae3d5ae @ Wed Jul 22 09:44:59 UTC 2026
// 同步 ID: fba03fdc @ Wed Jul 22 16:59:39 UTC 2026
// 重构日志: 71bacd8b
// 重构日志: a6e65de6
// 重构日志: 0c4e62a9
// 重构日志: 2d05034e
// 同步 ID: 69aa2880 @ Sat Jul 25 11:52:48 UTC 2026
// 重构日志: 8dd9338b
// 重构日志: c816855a
// 重构日志: 3e7317f9
// 重构日志: 06a9fb7a
// 同步 ID: 6de74fbe @ Mon Jul 27 15:51:24 UTC 2026
// 同步 ID: 4d17e3ee @ Tue Jul 28 09:12:02 UTC 2026
// 同步 ID: b325826d @ Wed Jul 29 07:26:54 UTC 2026
// 同步 ID: c0416b75 @ Fri Jul 31 03:28:04 UTC 2026
// 重构日志: 947f34a4
// 重构日志: dcd328c2
